(time-series-forecasting) rocco@knight01:~/Github/ALU/time-series-forecasting$ python src/train.py 
WARNING: All log messages before absl::InitializeLog() is called are written to STDERR
I0000 00:00:1789831919.594305  199756 cudart_stub.cc:31] Could not find cuda drivers on your machine, GPU will not be used.
WARNING: All log messages before absl::InitializeLog() is called are written to STDERR
I0000 00:00:1789831920.749058  199756 cudart_stub.cc:31] Could not find cuda drivers on your machine, GPU will not be used.
Loading optimized dataset...

========================================
BEGINNING EXPERIMENTS FOR SQUARE: 5161
========================================

--- Training ARIMAX ---
E0000 00:00:1789831930.361813  199756 cuda_platform.cc:52] failed call to cuInit: INTERNAL: CUDA error: Failed call to cuInit: UNKNOWN ERROR (303)

--- Training LSTM ---
Epoch 1/15
102/102 ━━━━━━━━━━━━━━━━━━━━ 1s 4ms/step - loss: 0.0074 - mae: 0.0595    
Epoch 2/15
102/102 ━━━━━━━━━━━━━━━━━━━━ 0s 4ms/step - loss: 0.0025 - mae: 0.0371 
Epoch 3/15
102/102 ━━━━━━━━━━━━━━━━━━━━ 0s 4ms/step - loss: 0.0020 - mae: 0.0334 
Epoch 4/15
102/102 ━━━━━━━━━━━━━━━━━━━━ 0s 4ms/step - loss: 0.0018 - mae: 0.0306 
Epoch 5/15
102/102 ━━━━━━━━━━━━━━━━━━━━ 0s 4ms/step - loss: 0.0016 - mae: 0.0290 
Epoch 6/15
102/102 ━━━━━━━━━━━━━━━━━━━━ 0s 4ms/step - loss: 0.0014 - mae: 0.0268 
Epoch 7/15
102/102 ━━━━━━━━━━━━━━━━━━━━ 0s 4ms/step - loss: 0.0013 - mae: 0.0254 
Epoch 8/15
102/102 ━━━━━━━━━━━━━━━━━━━━ 0s 4ms/step - loss: 0.0012 - mae: 0.0244 
Epoch 9/15
102/102 ━━━━━━━━━━━━━━━━━━━━ 1s 5ms/step - loss: 0.0012 - mae: 0.0235    
Epoch 10/15
102/102 ━━━━━━━━━━━━━━━━━━━━ 0s 5ms/step - loss: 0.0011 - mae: 0.0229 
Epoch 11/15
102/102 ━━━━━━━━━━━━━━━━━━━━ 0s 4ms/step - loss: 0.0011 - mae: 0.0227     
Epoch 12/15
102/102 ━━━━━━━━━━━━━━━━━━━━ 0s 4ms/step - loss: 0.0010 - mae: 0.0223    
Epoch 13/15
102/102 ━━━━━━━━━━━━━━━━━━━━ 0s 4ms/step - loss: 0.0011 - mae: 0.0227    
Epoch 14/15
102/102 ━━━━━━━━━━━━━━━━━━━━ 0s 4ms/step - loss: 0.0011 - mae: 0.0224     
Epoch 15/15
102/102 ━━━━━━━━━━━━━━━━━━━━ 0s 4ms/step - loss: 0.0010 - mae: 0.0219     

--- Training Transformer ---
Epoch 1/15
102/102 ━━━━━━━━━━━━━━━━━━━━ 2s 5ms/step - loss: 0.0512 - mae: 0.1800 
Epoch 2/15
102/102 ━━━━━━━━━━━━━━━━━━━━ 1s 5ms/step - loss: 0.0125 - mae: 0.0844 
Epoch 3/15
102/102 ━━━━━━━━━━━━━━━━━━━━ 1s 5ms/step - loss: 0.0057 - mae: 0.0559 
Epoch 4/15
102/102 ━━━━━━━━━━━━━━━━━━━━ 1s 5ms/step - loss: 0.0041 - mae: 0.0463 
Epoch 5/15
102/102 ━━━━━━━━━━━━━━━━━━━━ 1s 5ms/step - loss: 0.0033 - mae: 0.0404 
Epoch 6/15
102/102 ━━━━━━━━━━━━━━━━━━━━ 1s 5ms/step - loss: 0.0030 - mae: 0.0377 
Epoch 7/15
102/102 ━━━━━━━━━━━━━━━━━━━━ 1s 6ms/step - loss: 0.0027 - mae: 0.0361 
Epoch 8/15
102/102 ━━━━━━━━━━━━━━━━━━━━ 1s 5ms/step - loss: 0.0026 - mae: 0.0353 
Epoch 9/15
102/102 ━━━━━━━━━━━━━━━━━━━━ 1s 5ms/step - loss: 0.0025 - mae: 0.0350 
Epoch 10/15
102/102 ━━━━━━━━━━━━━━━━━━━━ 1s 5ms/step - loss: 0.0024 - mae: 0.0342 
Epoch 11/15
102/102 ━━━━━━━━━━━━━━━━━━━━ 1s 4ms/step - loss: 0.0022 - mae: 0.0334 
Epoch 12/15
102/102 ━━━━━━━━━━━━━━━━━━━━ 1s 5ms/step - loss: 0.0022 - mae: 0.0331 
Epoch 13/15
102/102 ━━━━━━━━━━━━━━━━━━━━ 1s 5ms/step - loss: 0.0022 - mae: 0.0336 
Epoch 14/15
102/102 ━━━━━━━━━━━━━━━━━━━━ 1s 5ms/step - loss: 0.0022 - mae: 0.0336 
Epoch 15/15
102/102 ━━━━━━━━━━━━━━━━━━━━ 1s 5ms/step - loss: 0.0022 - mae: 0.0337 

========================================
BEGINNING EXPERIMENTS FOR SQUARE: 5059
========================================

--- Training ARIMAX ---

--- Training LSTM ---
Epoch 1/15
102/102 ━━━━━━━━━━━━━━━━━━━━ 1s 4ms/step - loss: 0.0205 - mae: 0.0979    
Epoch 2/15
102/102 ━━━━━━━━━━━━━━━━━━━━ 1s 5ms/step - loss: 0.0046 - mae: 0.0517 
Epoch 3/15
102/102 ━━━━━━━━━━━━━━━━━━━━ 0s 4ms/step - loss: 0.0039 - mae: 0.0472 
Epoch 4/15
102/102 ━━━━━━━━━━━━━━━━━━━━ 1s 5ms/step - loss: 0.0034 - mae: 0.0439 
Epoch 5/15
102/102 ━━━━━━━━━━━━━━━━━━━━ 0s 5ms/step - loss: 0.0030 - mae: 0.0407 
Epoch 6/15
102/102 ━━━━━━━━━━━━━━━━━━━━ 0s 4ms/step - loss: 0.0029 - mae: 0.0390 
Epoch 7/15
102/102 ━━━━━━━━━━━━━━━━━━━━ 1s 5ms/step - loss: 0.0026 - mae: 0.0367 
Epoch 8/15
102/102 ━━━━━━━━━━━━━━━━━━━━ 1s 5ms/step - loss: 0.0026 - mae: 0.0360 
Epoch 9/15
102/102 ━━━━━━━━━━━━━━━━━━━━ 1s 5ms/step - loss: 0.0025 - mae: 0.0352 
Epoch 10/15
102/102 ━━━━━━━━━━━━━━━━━━━━ 0s 4ms/step - loss: 0.0025 - mae: 0.0352 
Epoch 11/15
102/102 ━━━━━━━━━━━━━━━━━━━━ 0s 4ms/step - loss: 0.0024 - mae: 0.0338 
Epoch 12/15
102/102 ━━━━━━━━━━━━━━━━━━━━ 1s 5ms/step - loss: 0.0023 - mae: 0.0336 
Epoch 13/15
102/102 ━━━━━━━━━━━━━━━━━━━━ 0s 4ms/step - loss: 0.0024 - mae: 0.0337 
Epoch 14/15
102/102 ━━━━━━━━━━━━━━━━━━━━ 0s 4ms/step - loss: 0.0023 - mae: 0.0331 
Epoch 15/15
102/102 ━━━━━━━━━━━━━━━━━━━━ 0s 4ms/step - loss: 0.0022 - mae: 0.0331 

--- Training Transformer ---
Epoch 1/15
102/102 ━━━━━━━━━━━━━━━━━━━━ 2s 5ms/step - loss: 0.0648 - mae: 0.1945 
Epoch 2/15
102/102 ━━━━━━━━━━━━━━━━━━━━ 1s 5ms/step - loss: 0.0240 - mae: 0.1202 
Epoch 3/15
102/102 ━━━━━━━━━━━━━━━━━━━━ 1s 5ms/step - loss: 0.0116 - mae: 0.0826 
Epoch 4/15
102/102 ━━━━━━━━━━━━━━━━━━━━ 1s 6ms/step - loss: 0.0066 - mae: 0.0618 
Epoch 5/15
102/102 ━━━━━━━━━━━━━━━━━━━━ 1s 6ms/step - loss: 0.0060 - mae: 0.0578 
Epoch 6/15
102/102 ━━━━━━━━━━━━━━━━━━━━ 1s 6ms/step - loss: 0.0053 - mae: 0.0534 
Epoch 7/15
102/102 ━━━━━━━━━━━━━━━━━━━━ 0s 5ms/step - loss: 0.0049 - mae: 0.0512 
Epoch 8/15
102/102 ━━━━━━━━━━━━━━━━━━━━ 1s 5ms/step - loss: 0.0047 - mae: 0.0494 
Epoch 9/15
102/102 ━━━━━━━━━━━━━━━━━━━━ 0s 4ms/step - loss: 0.0044 - mae: 0.0481 
Epoch 10/15
102/102 ━━━━━━━━━━━━━━━━━━━━ 1s 5ms/step - loss: 0.0042 - mae: 0.0469 
Epoch 11/15
102/102 ━━━━━━━━━━━━━━━━━━━━ 1s 5ms/step - loss: 0.0042 - mae: 0.0463 
Epoch 12/15
102/102 ━━━━━━━━━━━━━━━━━━━━ 1s 5ms/step - loss: 0.0040 - mae: 0.0456 
Epoch 13/15
102/102 ━━━━━━━━━━━━━━━━━━━━ 1s 6ms/step - loss: 0.0038 - mae: 0.0448 
Epoch 14/15
102/102 ━━━━━━━━━━━━━━━━━━━━ 1s 5ms/step - loss: 0.0039 - mae: 0.0454 
Epoch 15/15
102/102 ━━━━━━━━━━━━━━━━━━━━ 1s 5ms/step - loss: 0.0040 - mae: 0.0461 

========================================
BEGINNING EXPERIMENTS FOR SQUARE: 5259
========================================

--- Training ARIMAX ---

--- Training LSTM ---
Epoch 1/15
102/102 ━━━━━━━━━━━━━━━━━━━━ 1s 4ms/step - loss: 0.0247 - mae: 0.1039    
Epoch 2/15
102/102 ━━━━━━━━━━━━━━━━━━━━ 1s 5ms/step - loss: 0.0053 - mae: 0.0535 
Epoch 3/15
102/102 ━━━━━━━━━━━━━━━━━━━━ 0s 4ms/step - loss: 0.0044 - mae: 0.0481 
Epoch 4/15
102/102 ━━━━━━━━━━━━━━━━━━━━ 1s 5ms/step - loss: 0.0038 - mae: 0.0449 
Epoch 5/15
102/102 ━━━━━━━━━━━━━━━━━━━━ 0s 4ms/step - loss: 0.0033 - mae: 0.0419 
Epoch 6/15
102/102 ━━━━━━━━━━━━━━━━━━━━ 0s 5ms/step - loss: 0.0031 - mae: 0.0400 
Epoch 7/15
102/102 ━━━━━━━━━━━━━━━━━━━━ 1s 5ms/step - loss: 0.0027 - mae: 0.0370 
Epoch 8/15
102/102 ━━━━━━━━━━━━━━━━━━━━ 1s 5ms/step - loss: 0.0025 - mae: 0.0359 
Epoch 9/15
102/102 ━━━━━━━━━━━━━━━━━━━━ 0s 4ms/step - loss: 0.0025 - mae: 0.0356 
Epoch 10/15
102/102 ━━━━━━━━━━━━━━━━━━━━ 1s 5ms/step - loss: 0.0023 - mae: 0.0342 
Epoch 11/15
102/102 ━━━━━━━━━━━━━━━━━━━━ 1s 5ms/step - loss: 0.0022 - mae: 0.0333 
Epoch 12/15
102/102 ━━━━━━━━━━━━━━━━━━━━ 1s 5ms/step - loss: 0.0023 - mae: 0.0337 
Epoch 13/15
102/102 ━━━━━━━━━━━━━━━━━━━━ 1s 4ms/step - loss: 0.0021 - mae: 0.0322 
Epoch 14/15
102/102 ━━━━━━━━━━━━━━━━━━━━ 1s 5ms/step - loss: 0.0020 - mae: 0.0315 
Epoch 15/15
102/102 ━━━━━━━━━━━━━━━━━━━━ 0s 4ms/step - loss: 0.0020 - mae: 0.0317 

--- Training Transformer ---
Epoch 1/15
102/102 ━━━━━━━━━━━━━━━━━━━━ 2s 5ms/step - loss: 0.0252 - mae: 0.1205 
Epoch 2/15
102/102 ━━━━━━━━━━━━━━━━━━━━ 1s 5ms/step - loss: 0.0113 - mae: 0.0806 
Epoch 3/15
102/102 ━━━━━━━━━━━━━━━━━━━━ 1s 5ms/step - loss: 0.0079 - mae: 0.0649 
Epoch 4/15
102/102 ━━━━━━━━━━━━━━━━━━━━ 1s 5ms/step - loss: 0.0066 - mae: 0.0572 
Epoch 5/15
102/102 ━━━━━━━━━━━━━━━━━━━━ 1s 5ms/step - loss: 0.0060 - mae: 0.0542 
Epoch 6/15
102/102 ━━━━━━━━━━━━━━━━━━━━ 1s 5ms/step - loss: 0.0054 - mae: 0.0517 
Epoch 7/15
102/102 ━━━━━━━━━━━━━━━━━━━━ 1s 6ms/step - loss: 0.0051 - mae: 0.0494 
Epoch 8/15
102/102 ━━━━━━━━━━━━━━━━━━━━ 1s 5ms/step - loss: 0.0052 - mae: 0.0502 
Epoch 9/15
102/102 ━━━━━━━━━━━━━━━━━━━━ 1s 6ms/step - loss: 0.0050 - mae: 0.0492 
Epoch 10/15
102/102 ━━━━━━━━━━━━━━━━━━━━ 1s 5ms/step - loss: 0.0051 - mae: 0.0499 
Epoch 11/15
102/102 ━━━━━━━━━━━━━━━━━━━━ 1s 5ms/step - loss: 0.0050 - mae: 0.0500 
Epoch 12/15
102/102 ━━━━━━━━━━━━━━━━━━━━ 1s 6ms/step - loss: 0.0049 - mae: 0.0492 
Epoch 13/15
102/102 ━━━━━━━━━━━━━━━━━━━━ 1s 5ms/step - loss: 0.0046 - mae: 0.0484 
Epoch 14/15
102/102 ━━━━━━━━━━━━━━━━━━━━ 1s 5ms/step - loss: 0.0047 - mae: 0.0489 
Epoch 15/15
102/102 ━━━━━━━━━━━━━━━━━━━━ 1s 5ms/step - loss: 0.0047 - mae: 0.0490 


==================================================
FINAL PERFORMANCE TABLES
==================================================

Performance for Square ID: 5161
| Model       |   Train Time (s) |   Exec Time (s) |     MAE |    RMSE |     MAPE |
|:------------|-----------------:|----------------:|--------:|--------:|---------:|
| ARIMAX      |             5.34 |          0.0174 | 545.771 | 938.793 | 0.310821 |
| LSTM        |             7.86 |          0.2668 |  97.576 | 139.911 | 0.127136 |
| Transformer |             9.66 |          0.2109 | 146.241 | 190.365 | 0.249222 |

Performance for Square ID: 5059
| Model       |   Train Time (s) |   Exec Time (s) |      MAE |    RMSE |      MAPE |
|:------------|-----------------:|----------------:|---------:|--------:|----------:|
| ARIMAX      |             2.22 |          0.0175 | 382.999  | 520.795 | 0.270187  |
| LSTM        |             8.11 |          0.186  |  76.9055 | 107.215 | 0.0848888 |
| Transformer |             9.95 |          0.2012 | 109.338  | 132.553 | 0.171472  |

Performance for Square ID: 5259
| Model       |   Train Time (s) |   Exec Time (s) |      MAE |     RMSE |     MAPE |
|:------------|-----------------:|----------------:|---------:|---------:|---------:|
| ARIMAX      |             0.47 |          0.0295 | 997.871  | 1408.98  | 0.6719   |
| LSTM        |             8.1  |          0.174  |  87.6139 |  125.164 | 0.111507 |
| Transformer |             9.95 |          0.238  | 114.918  |  163.745 | 0.149985 |